../../Drivers/STM32WBxx_HAL_Driver/Inc/stm32wbxx_ll_rcc.h:1666:22:LL_RCC_LSE_SetDriveCapability	16	static
../../Drivers/STM32WBxx_HAL_Driver/Inc/stm32wbxx_ll_bus.h:364:22:LL_AHB1_GRP1_EnableClock	24	static
../../Drivers/STM32WBxx_HAL_Driver/Inc/stm32wbxx_ll_bus.h:539:22:LL_AHB2_GRP1_EnableClock	24	static
/home/blobby/STM32CubeIDE/workspace_1.6.0/BLE_Custom/Core/Src/main.c:101:5:main	8	static
/home/blobby/STM32CubeIDE/workspace_1.6.0/BLE_Custom/Core/Src/main.c:160:6:SystemClock_Config	112	static
/home/blobby/STM32CubeIDE/workspace_1.6.0/BLE_Custom/Core/Src/main.c:212:6:PeriphCommonClock_Config	88	static
/home/blobby/STM32CubeIDE/workspace_1.6.0/BLE_Custom/Core/Src/main.c:237:13:MX_IPCC_Init	8	static
/home/blobby/STM32CubeIDE/workspace_1.6.0/BLE_Custom/Core/Src/main.c:263:6:MX_LPUART1_UART_Init	8	static
/home/blobby/STM32CubeIDE/workspace_1.6.0/BLE_Custom/Core/Src/main.c:311:6:MX_USART1_UART_Init	8	static
/home/blobby/STM32CubeIDE/workspace_1.6.0/BLE_Custom/Core/Src/main.c:359:13:MX_RF_Init	4	static
/home/blobby/STM32CubeIDE/workspace_1.6.0/BLE_Custom/Core/Src/main.c:380:13:MX_RNG_Init	8	static
/home/blobby/STM32CubeIDE/workspace_1.6.0/BLE_Custom/Core/Src/main.c:407:13:MX_RTC_Init	8	static
/home/blobby/STM32CubeIDE/workspace_1.6.0/BLE_Custom/Core/Src/main.c:448:13:MX_DMA_Init	8	static
/home/blobby/STM32CubeIDE/workspace_1.6.0/BLE_Custom/Core/Src/main.c:471:13:MX_GPIO_Init	8	static
/home/blobby/STM32CubeIDE/workspace_1.6.0/BLE_Custom/Core/Src/main.c:489:6:Error_Handler	4	static
